// Jest Snapshot v1, https://goo.gl/fbAQLP

exports[`renders as expected (set imageSet1): images 1`] = `
<div>
  <div
    class="tiled-gallery__gallery"
  >
    <div
      class="tiled-gallery__row"
    >
      <div
        class="tiled-gallery__col"
      >
        0
      </div>
    </div>
    <div
      class="tiled-gallery__row"
    >
      <div
        class="tiled-gallery__col"
      >
        1
      </div>
    </div>
    <div
      class="tiled-gallery__row"
    >
      <div
        class="tiled-gallery__col"
      >
        2
      </div>
      <div
        class="tiled-gallery__col"
      >
        3
      </div>
      <div
        class="tiled-gallery__col"
      >
        4
      </div>
      <div
        class="tiled-gallery__col"
      >
        5
      </div>
    </div>
    <div
      class="tiled-gallery__row"
    >
      <div
        class="tiled-gallery__col"
      >
        6
      </div>
      <div
        class="tiled-gallery__col"
      >
        7
      </div>
    </div>
    <div
      class="tiled-gallery__row"
    >
      <div
        class="tiled-gallery__col"
      >
        8
      </div>
      <div
        class="tiled-gallery__col"
      >
        9
        10
      </div>
    </div>
    <div
      class="tiled-gallery__row"
    >
      <div
        class="tiled-gallery__col"
      >
        11
        12
      </div>
      <div
        class="tiled-gallery__col"
      >
        13
      </div>
    </div>
  </div>
</div>
`;
